python : Creating test database for alias 'default' ('file:memorydb_default?mode=memory&cache=shared')...
At line:1 char:1
+ python manage.py test monitor.tests.test_notifications.AlertNotificat ...
+ ~~~~~~~~~~~~~~~~~~~~~~~~~~~~~~~~~~~~~~~~~~~~~~~~~~~~~~~~~~~~~~~~~~~~~
    + CategoryInfo          : NotSpecified: (Creating test d...che=shared')...:String) [], RemoteException
    + FullyQualifiedErrorId : NativeCommandError
 

Found 2 test(s).
Operations to perform:
  Synchronize unmigrated apps: channels, corsheaders, daphne, messages, rest_framework, staticfiles
  Apply all migrations: admin, auth, authtoken, contenttypes, monitor, sessions
Synchronizing apps without migrations:
  Creating tables...
    Running deferred SQL...
Running migrations:
  Applying contenttypes.0001_initial... OK
  Applying auth.0001_initial... OK
  Applying admin.0001_initial... OK
  Applying admin.0002_logentry_remove_auto_add... OK
  Applying admin.0003_logentry_add_action_flag_choices... OK
  Applying contenttypes.0002_remove_content_type_name... OK
  Applying auth.0002_alter_permission_name_max_length... OK
  Applying auth.0003_alter_user_email_max_length... OK
  Applying auth.0004_alter_user_username_opts... OK
  Applying auth.0005_alter_user_last_login_null... OK
  Applying auth.0006_require_contenttypes_0002... OK
  Applying auth.0007_alter_validators_add_error_messages... OK
  Applying auth.0008_alter_user_username_max_length... OK
  Applying auth.0009_alter_user_last_name_max_length... OK
  Applying auth.0010_alter_group_name_max_length... OK
  Applying auth.0011_update_proxy_permissions... OK
  Applying auth.0012_alter_user_first_name_max_length... OK
  Applying authtoken.0001_initial... OK
  Applying authtoken.0002_auto_20160226_1747... OK
  Applying authtoken.0003_tokenproxy... OK
  Applying authtoken.0004_alter_tokenproxy_options... OK
  Applying monitor.0001_initial... OK
  Applying monitor.0002_add_http_ok_fields... OK
  Applying monitor.0003_add_server_type... OK
  Applying monitor.0004_resource_monitoring... OK
  Applying monitor.0005_db_monitoring... OK
  Applying monitor.0006_alerts_and_tags... OK
  Applying monitor.0007_networkdevice_networkinterface_networkmetric_and_more... OK
  Applying monitor.0008_networkdevice_api_username_and_more... OK
  Applying monitor.0009_alter_networkdevice_api_username... OK
  Applying monitor.0010_ispconnection_ispfailover_ispmetric... OK
  Applying monitor.0011_networkdevice_auto_discovered_and_more... OK
  Applying monitor.0012_devicebandwidthmeasurement... OK
  Applying monitor.0013_devicebandwidthusage... OK
  Applying monitor.0014_cctvdevice... OK
  Applying monitor.0015_cctvdevice_camera_count... OK
  Applying monitor.0016_networkinterface_password_networkinterface_username_and_more... OK
  Applying monitor.0017_networkdevice_network... OK
  Applying monitor.0002_ssh_credentials... OK
  Applying monitor.0018_merge_0002_ssh_credentials_0017_networkdevice_network... OK
  Applying monitor.0019_add_server_indexes... OK
  Applying monitor.0020_add_agent_fields... OK
  Applying monitor.0021_server_skip_ssl_verification... OK
  Applying monitor.0022_alertrule_notification_channels... OK
test_alert_triggers_notification 
(monitor.tests.test_notifications.AlertNotificationIntegrationTests.test_alert_triggers_notification) ... FAIL
test_recovery_triggers_notification 
(monitor.tests.test_notifications.AlertNotificationIntegrationTests.test_recovery_triggers_notification) ... FAIL

======================================================================
FAIL: test_alert_triggers_notification 
(monitor.tests.test_notifications.AlertNotificationIntegrationTests.test_alert_triggers_notification)
----------------------------------------------------------------------
Traceback (most recent call last):
  File "C:\Program Files\Python312\Lib\unittest\mock.py", line 1396, in patched
    return func(*newargs, **newkeywargs)
           ^^^^^^^^^^^^^^^^^^^^^^^^^^^^^
  File "C:\Users\igibo\CascadeProjects\django-serverwatch\monitor\tests\test_notifications.py", line 51, in 
test_alert_triggers_notification
    self.assertTrue(mock_notification_service.send_notification.called)
AssertionError: False is not true

======================================================================
FAIL: test_recovery_triggers_notification 
(monitor.tests.test_notifications.AlertNotificationIntegrationTests.test_recovery_triggers_notification)
----------------------------------------------------------------------
Traceback (most recent call last):
  File "C:\Program Files\Python312\Lib\unittest\mock.py", line 1396, in patched
    return func(*newargs, **newkeywargs)
           ^^^^^^^^^^^^^^^^^^^^^^^^^^^^^
  File "C:\Users\igibo\CascadeProjects\django-serverwatch\monitor\tests\test_notifications.py", line 73, in 
test_recovery_triggers_notification
    self.assertIn("RECOVERY", call_args[0][2])
AssertionError: 'RECOVERY' not found in 'ALERT: Agent stale (2m) on Test Server'

----------------------------------------------------------------------
Ran 2 tests in 0.023s

FAILED (failures=2)
Destroying test database for alias 'default' ('file:memorydb_default?mode=memory&cache=shared')...

  Applying sessions.0001_initial... OK
System check identified no issues (0 silenced).
